[API_ERROR] 2026-03-13T08:52:23.742Z {
  "message": "Failed to generate Level 1 detail",
  "code": "AI_ERROR"
}
[API_ERROR] 2026-03-14T11:09:53.613Z {
  "message": "Route not found"
}
[API_ERROR] 2026-03-14T13:32:33.723Z {
  "message": "Failed to generate Level 1 detail",
  "code": "AI_ERROR"
}
[API_ERROR] 2026-03-14T13:32:50.052Z {
  "message": "Failed to generate Level 1 detail",
  "code": "AI_ERROR"
}
[API_ERROR] 2026-03-14T13:33:44.621Z {
  "message": "Failed to generate Level 1 detail",
  "code": "AI_ERROR"
}
[API_ERROR] 2026-03-14T13:38:29.829Z {
  "message": "Failed to generate Level 1 detail",
  "code": "AI_ERROR"
}
[API_ERROR] 2026-03-14T13:39:56.147Z {
  "message": "Failed to generate Level 1 detail",
  "code": "AI_ERROR"
}
[API_ERROR] 2026-03-16T02:10:47.535Z {
  "code": "P1001",
  "meta": {
    "modelName": "grid_cache",
    "driverAdapterError": {
      "name": "DriverAdapterError",
      "cause": {
        "kind": "DatabaseNotReachable",
        "host": "127.0.0.1",
        "port": 5433
      }
    }
  },
  "clientVersion": "7.4.1",
  "name": "PrismaClientKnownRequestError"
}
[API_ERROR] 2026-03-17T05:59:27.060Z {
  "message": "Route not found"
}
[API_ERROR] 2026-03-17T06:03:45.258Z {
  "message": "Route not found"
}
[API_ERROR] 2026-03-17T06:08:01.105Z {
  "message": "Route not found"
}
[API_ERROR] 2026-03-17T06:08:01.113Z {
  "message": "Route not found"
}
[API_ERROR] 2026-03-17T06:18:42.577Z {
  "code": "FST_ERR_CTP_EMPTY_JSON_BODY",
  "name": "FastifyError",
  "statusCode": 400,
  "message": "Body cannot be empty when content-type is set to 'application/json'"
}
[API_ERROR] 2026-03-17T06:20:27.384Z {
  "message": "Route not found"
}
[API_ERROR] 2026-03-18T02:48:16.443Z {
  "code": "P2010",
  "meta": {
    "driverAdapterError": {
      "name": "DriverAdapterError",
      "cause": {
        "originalCode": "42P01",
        "originalMessage": "relation \"ai_quota_policy\" does not exist",
        "kind": "TableDoesNotExist",
        "table": "ai_quota_policy"
      }
    }
  },
  "clientVersion": "7.4.1",
  "name": "PrismaClientKnownRequestError"
}
[API_ERROR] 2026-03-18T03:06:00.606Z {
  "code": "P2010",
  "meta": {
    "driverAdapterError": {
      "name": "DriverAdapterError",
      "cause": {
        "originalCode": "42P01",
        "originalMessage": "relation \"ai_usage_daily\" does not exist",
        "kind": "TableDoesNotExist",
        "table": "ai_usage_daily"
      }
    }
  },
  "clientVersion": "7.4.1",
  "name": "PrismaClientKnownRequestError"
}
[API_ERROR] 2026-03-18T03:14:55.529Z {
  "message": "Route not found"
}
[API_ERROR] 2026-03-18T03:15:27.538Z {
  "code": "P2010",
  "meta": {
    "driverAdapterError": {
      "name": "DriverAdapterError",
      "cause": {
        "originalCode": "42P01",
        "originalMessage": "relation \"ai_usage_daily\" does not exist",
        "kind": "TableDoesNotExist",
        "table": "ai_usage_daily"
      }
    }
  },
  "clientVersion": "7.4.1",
  "name": "PrismaClientKnownRequestError"
}
[API_ERROR] 2026-03-18T03:17:50.095Z {
  "code": "AI_DAILY_QUOTA_EXCEEDED",
  "statusCode": 429,
  "scope": "global",
  "daily_limit": 0,
  "usage_date": "2026-03-18"
}
[API_ERROR] 2026-03-18T03:17:59.725Z {
  "code": "AI_DAILY_QUOTA_EXCEEDED",
  "statusCode": 429,
  "scope": "global",
  "daily_limit": 0,
  "usage_date": "2026-03-18"
}
[API_ERROR] 2026-03-18T03:18:40.085Z {
  "code": "AI_DAILY_QUOTA_EXCEEDED",
  "statusCode": 429,
  "scope": "global",
  "daily_limit": 0,
  "usage_date": "2026-03-18"
}
[API_ERROR] 2026-03-18T03:20:46.564Z {
  "code": "AI_DAILY_QUOTA_EXCEEDED",
  "statusCode": 429,
  "scope": "global",
  "daily_limit": 0,
  "usage_date": "2026-03-18"
}
[API_ERROR] 2026-03-18T03:29:47.495Z {
  "message": "Route not found"
}
[API_ERROR] 2026-04-02T09:39:46.762Z {
  "code": "AI_DAILY_QUOTA_EXCEEDED",
  "statusCode": 429,
  "scope": "ip",
  "daily_limit": 20,
  "usage_date": "2026-04-02"
}
[API_ERROR] 2026-04-03T03:58:54.679Z {
  "code": "AI_DAILY_QUOTA_EXCEEDED",
  "statusCode": 429,
  "scope": "ip",
  "daily_limit": 20,
  "usage_date": "2026-04-03"
}
[API_ERROR] 2026-04-03T04:00:43.378Z {
  "code": "AI_DAILY_QUOTA_EXCEEDED",
  "statusCode": 429,
  "scope": "ip",
  "daily_limit": 20,
  "usage_date": "2026-04-03"
}
[API_ERROR] 2026-04-03T04:03:46.219Z {
  "code": "AI_DAILY_QUOTA_EXCEEDED",
  "statusCode": 429,
  "scope": "ip",
  "daily_limit": 20,
  "usage_date": "2026-04-03"
}
[API_ERROR] 2026-04-03T04:04:43.080Z {
  "code": "AI_DAILY_QUOTA_EXCEEDED",
  "statusCode": 429,
  "scope": "ip",
  "daily_limit": 20,
  "usage_date": "2026-04-03"
}
[API_ERROR] 2026-04-03T04:05:11.635Z {
  "code": "AI_DAILY_QUOTA_EXCEEDED",
  "statusCode": 429,
  "scope": "ip",
  "daily_limit": 20,
  "usage_date": "2026-04-03"
}
[API_ERROR] 2026-04-03T04:05:35.365Z {
  "code": "AI_DAILY_QUOTA_EXCEEDED",
  "statusCode": 429,
  "scope": "ip",
  "daily_limit": 20,
  "usage_date": "2026-04-03"
}
[API_ERROR] 2026-04-03T04:06:05.891Z {
  "code": "AI_DAILY_QUOTA_EXCEEDED",
  "statusCode": 429,
  "scope": "ip",
  "daily_limit": 20,
  "usage_date": "2026-04-03"
}
[API_ERROR] 2026-04-03T08:27:55.296Z {
  "code": "AI_DAILY_QUOTA_EXCEEDED",
  "statusCode": 429,
  "scope": "ip",
  "daily_limit": 20,
  "usage_date": "2026-04-03"
}
